src/components/MapHudBanner.tsx(37,19): error TS2322: Type 'string' is not assignable to type 'never'.
src/components/MapHudBanner.tsx(61,19): error TS2322: Type 'string' is not assignable to type 'never'.
src/components/MapHudBanner.tsx(61,39): error TS2322: Type '{ color: string; }' is not assignable to type 'never'.
src/components/ScenarioBuilder.tsx(480,29): error TS2322: Type 'string' is not assignable to type 'never'.
src/components/ScenarioBuilder.tsx(480,49): error TS2322: Type '{ color: string; }' is not assignable to type 'never'.
src/components/ScenarioBuilder.tsx(643,37): error TS2322: Type 'string' is not assignable to type 'never'.
src/components/ScenarioBuilder.tsx(750,66): error TS2322: Type 'string' is not assignable to type 'never'.
src/components/SecureCommsConsole.tsx(516,55): error TS2322: Type 'string' is not assignable to type 'never'.
src/components/SidebarAccordion.tsx(119,21): error TS2322: Type 'string' is not assignable to type 'never'.
src/components/SidebarAccordion.tsx(120,21): error TS2322: Type '{ color: string; }' is not assignable to type 'never'.
src/components/SidebarAccordion.tsx(175,23): error TS2322: Type 'string' is not assignable to type 'never'.
src/components/TacticalMap3D.tsx(199,29): error TS2556: A spread argument must either have a tuple type or be passed to a rest parameter.
src/components/TacticalMap3D.tsx(209,38): error TS2556: A spread argument must either have a tuple type or be passed to a rest parameter.
src/components/TacticalMap3D.tsx(289,7): error TS2322: Type '{ ref: RefObject<OrbitControls | null>; args: (Camera | HTMLCanvasElement)[]; enableDamping: true; dampingFactor: number; enablePan: true; ... 7 more ...; maxPolarAngle: number; }' is not assignable to type 'IntrinsicAttributes & OrbitControlsProps & RefAttributes<OrbitControls>'.
  Property 'args' does not exist on type 'IntrinsicAttributes & OrbitControlsProps & RefAttributes<OrbitControls>'.
